[     955ms] [LOG] ====>reviewCheckRenderData [Object] @ https://metis-match--mapi.online-venv.yuanfudao.com/evaluation/stage/static/js/3440.01e555d7.chunk.js:0
[    1030ms] [LOG] ====>reviewCheckRenderData [Object] @ https://metis-match--mapi.online-venv.yuanfudao.com/evaluation/stage/static/js/3440.01e555d7.chunk.js:0
[    1077ms] [LOG] ====>reviewCheckRenderData [Object] @ https://metis-match--mapi.online-venv.yuanfudao.com/evaluation/stage/static/js/3440.01e555d7.chunk.js:0
[    1117ms] [LOG] ====>reviewCheckRenderData [Object] @ https://metis-match--mapi.online-venv.yuanfudao.com/evaluation/stage/static/js/3440.01e555d7.chunk.js:0
[    1123ms] [LOG] ====>reviewCheckRenderData [Object] @ https://metis-match--mapi.online-venv.yuanfudao.com/evaluation/stage/static/js/3440.01e555d7.chunk.js:0
[    1126ms] [LOG] ====>reviewCheckRenderData [Object] @ https://metis-match--mapi.online-venv.yuanfudao.com/evaluation/stage/static/js/3440.01e555d7.chunk.js:0
[    1128ms] [LOG] ====>reviewCheckRenderData [Object] @ https://metis-match--mapi.online-venv.yuanfudao.com/evaluation/stage/static/js/3440.01e555d7.chunk.js:0
[    1132ms] [LOG] ====>reviewCheckRenderData [Object] @ https://metis-match--mapi.online-venv.yuanfudao.com/evaluation/stage/static/js/3440.01e555d7.chunk.js:0
[    1136ms] [LOG] ====>reviewCheckRenderData [Object] @ https://metis-match--mapi.online-venv.yuanfudao.com/evaluation/stage/static/js/3440.01e555d7.chunk.js:0
[    1137ms] [LOG] ====>reviewCheckRenderData [Object] @ https://metis-match--mapi.online-venv.yuanfudao.com/evaluation/stage/static/js/3440.01e555d7.chunk.js:0
[    1183ms] [LOG] ====>reviewCheckRenderData [Object] @ https://metis-match--mapi.online-venv.yuanfudao.com/evaluation/stage/static/js/3440.01e555d7.chunk.js:0
[    4200ms] [LOG] container width in resize 558 @ https://metis-match--mapi.online-venv.yuanfudao.com/evaluation/stage/static/js/5812.6a6a115b.chunk.js:0
[    4209ms] [LOG] container width in resize 558 @ https://metis-match--mapi.online-venv.yuanfudao.com/evaluation/stage/static/js/5812.6a6a115b.chunk.js:0
[    4214ms] [LOG] container width in resize 558 @ https://metis-match--mapi.online-venv.yuanfudao.com/evaluation/stage/static/js/5812.6a6a115b.chunk.js:0
[    4219ms] [LOG] container width in resize 558 @ https://metis-match--mapi.online-venv.yuanfudao.com/evaluation/stage/static/js/5812.6a6a115b.chunk.js:0
[    4222ms] [LOG] container width in resize 558 @ https://metis-match--mapi.online-venv.yuanfudao.com/evaluation/stage/static/js/5812.6a6a115b.chunk.js:0
[    4225ms] [LOG] container width in resize 558 @ https://metis-match--mapi.online-venv.yuanfudao.com/evaluation/stage/static/js/5812.6a6a115b.chunk.js:0
[    4228ms] [LOG] container width in resize 558 @ https://metis-match--mapi.online-venv.yuanfudao.com/evaluation/stage/static/js/5812.6a6a115b.chunk.js:0
[    4229ms] [LOG] container width in resize 558 @ https://metis-match--mapi.online-venv.yuanfudao.com/evaluation/stage/static/js/5812.6a6a115b.chunk.js:0
[    4232ms] [LOG] container width in resize 558 @ https://metis-match--mapi.online-venv.yuanfudao.com/evaluation/stage/static/js/5812.6a6a115b.chunk.js:0
[    4235ms] [LOG] container width in resize 558 @ https://metis-match--mapi.online-venv.yuanfudao.com/evaluation/stage/static/js/5812.6a6a115b.chunk.js:0
[    4240ms] [LOG] container width in resize 558 @ https://metis-match--mapi.online-venv.yuanfudao.com/evaluation/stage/static/js/5812.6a6a115b.chunk.js:0
[    4246ms] [LOG] ====>reviewCheckRenderData [Object] @ https://metis-match--mapi.online-venv.yuanfudao.com/evaluation/stage/static/js/3440.01e555d7.chunk.js:0
[    4291ms] [LOG] ====>reviewCheckRenderData [Object] @ https://metis-match--mapi.online-venv.yuanfudao.com/evaluation/stage/static/js/3440.01e555d7.chunk.js:0
[    4327ms] [LOG] ====>reviewCheckRenderData [Object] @ https://metis-match--mapi.online-venv.yuanfudao.com/evaluation/stage/static/js/3440.01e555d7.chunk.js:0
[    4366ms] [LOG] ====>reviewCheckRenderData [Object] @ https://metis-match--mapi.online-venv.yuanfudao.com/evaluation/stage/static/js/3440.01e555d7.chunk.js:0
[    4371ms] [LOG] ====>reviewCheckRenderData [Object] @ https://metis-match--mapi.online-venv.yuanfudao.com/evaluation/stage/static/js/3440.01e555d7.chunk.js:0
[    4372ms] [LOG] ====>reviewCheckRenderData [Object] @ https://metis-match--mapi.online-venv.yuanfudao.com/evaluation/stage/static/js/3440.01e555d7.chunk.js:0
[    4373ms] [LOG] ====>reviewCheckRenderData [Object] @ https://metis-match--mapi.online-venv.yuanfudao.com/evaluation/stage/static/js/3440.01e555d7.chunk.js:0
[    4376ms] [LOG] ====>reviewCheckRenderData [Object] @ https://metis-match--mapi.online-venv.yuanfudao.com/evaluation/stage/static/js/3440.01e555d7.chunk.js:0
[    4378ms] [LOG] ====>reviewCheckRenderData [Object] @ https://metis-match--mapi.online-venv.yuanfudao.com/evaluation/stage/static/js/3440.01e555d7.chunk.js:0
[    4378ms] [LOG] ====>reviewCheckRenderData [Object] @ https://metis-match--mapi.online-venv.yuanfudao.com/evaluation/stage/static/js/3440.01e555d7.chunk.js:0
[    4415ms] [LOG] ====>reviewCheckRenderData [Object] @ https://metis-match--mapi.online-venv.yuanfudao.com/evaluation/stage/static/js/3440.01e555d7.chunk.js:0
[    4439ms] [LOG] container width in resize 558 @ https://metis-match--mapi.online-venv.yuanfudao.com/evaluation/stage/static/js/5812.6a6a115b.chunk.js:0
[    4441ms] [LOG] container width in resize 558 @ https://metis-match--mapi.online-venv.yuanfudao.com/evaluation/stage/static/js/5812.6a6a115b.chunk.js:0
[    4443ms] [LOG] container width in resize 558 @ https://metis-match--mapi.online-venv.yuanfudao.com/evaluation/stage/static/js/5812.6a6a115b.chunk.js:0
[    4444ms] [LOG] container width in resize 558 @ https://metis-match--mapi.online-venv.yuanfudao.com/evaluation/stage/static/js/5812.6a6a115b.chunk.js:0
[    4445ms] [LOG] container width in resize 558 @ https://metis-match--mapi.online-venv.yuanfudao.com/evaluation/stage/static/js/5812.6a6a115b.chunk.js:0
[    4449ms] [LOG] container width in resize 558 @ https://metis-match--mapi.online-venv.yuanfudao.com/evaluation/stage/static/js/5812.6a6a115b.chunk.js:0
[    4451ms] [LOG] container width in resize 558 @ https://metis-match--mapi.online-venv.yuanfudao.com/evaluation/stage/static/js/5812.6a6a115b.chunk.js:0
[    4452ms] [LOG] container width in resize 558 @ https://metis-match--mapi.online-venv.yuanfudao.com/evaluation/stage/static/js/5812.6a6a115b.chunk.js:0
[    4452ms] [LOG] container width in resize 558 @ https://metis-match--mapi.online-venv.yuanfudao.com/evaluation/stage/static/js/5812.6a6a115b.chunk.js:0
[    4456ms] [LOG] container width in resize 558 @ https://metis-match--mapi.online-venv.yuanfudao.com/evaluation/stage/static/js/5812.6a6a115b.chunk.js:0
[    4458ms] [LOG] container width in resize 558 @ https://metis-match--mapi.online-venv.yuanfudao.com/evaluation/stage/static/js/5812.6a6a115b.chunk.js:0
[    4465ms] [LOG] Total time including state update: 3926 ms @ https://metis-match--mapi.online-venv.yuanfudao.com/evaluation/stage/static/js/3440.01e555d7.chunk.js:0
[    4569ms] [LOG] hoverRegionId  @ https://metis-match--mapi.online-venv.yuanfudao.com/evaluation/stage/static/js/7223.e2fea342.chunk.js:0
[    4569ms] [LOG] hoverRegionId  @ https://metis-match--mapi.online-venv.yuanfudao.com/evaluation/stage/static/js/7223.e2fea342.chunk.js:0
[    4569ms] [LOG] hoverRegionId  @ https://metis-match--mapi.online-venv.yuanfudao.com/evaluation/stage/static/js/7223.e2fea342.chunk.js:0
[    4569ms] [LOG] hoverRegionId  @ https://metis-match--mapi.online-venv.yuanfudao.com/evaluation/stage/static/js/7223.e2fea342.chunk.js:0
[    4569ms] [LOG] hoverRegionId  @ https://metis-match--mapi.online-venv.yuanfudao.com/evaluation/stage/static/js/7223.e2fea342.chunk.js:0
[    4569ms] [LOG] hoverRegionId  @ https://metis-match--mapi.online-venv.yuanfudao.com/evaluation/stage/static/js/7223.e2fea342.chunk.js:0
[    4569ms] [LOG] hoverRegionId  @ https://metis-match--mapi.online-venv.yuanfudao.com/evaluation/stage/static/js/7223.e2fea342.chunk.js:0
[    4569ms] [LOG] hoverRegionId  @ https://metis-match--mapi.online-venv.yuanfudao.com/evaluation/stage/static/js/7223.e2fea342.chunk.js:0
[    4569ms] [LOG] hoverRegionId  @ https://metis-match--mapi.online-venv.yuanfudao.com/evaluation/stage/static/js/7223.e2fea342.chunk.js:0
[    4569ms] [LOG] hoverRegionId  @ https://metis-match--mapi.online-venv.yuanfudao.com/evaluation/stage/static/js/7223.e2fea342.chunk.js:0
[    4569ms] [LOG] hoverRegionId  @ https://metis-match--mapi.online-venv.yuanfudao.com/evaluation/stage/static/js/7223.e2fea342.chunk.js:0
[    4970ms] [LOG] container width in resize 558 @ https://metis-match--mapi.online-venv.yuanfudao.com/evaluation/stage/static/js/5812.6a6a115b.chunk.js:0
[    4971ms] [LOG] container width 558 @ https://metis-match--mapi.online-venv.yuanfudao.com/evaluation/stage/static/js/5812.6a6a115b.chunk.js:0
[    4987ms] [LOG] -------- load store data -------- @ https://metis-match--mapi.online-venv.yuanfudao.com/evaluation/stage/static/js/5812.6a6a115b.chunk.js:0
[    4987ms] [LOG] ====>reviewCheckRenderData [Object] @ https://metis-match--mapi.online-venv.yuanfudao.com/evaluation/stage/static/js/3440.01e555d7.chunk.js:0
[    5000ms] [LOG] container width in resize 558 @ https://metis-match--mapi.online-venv.yuanfudao.com/evaluation/stage/static/js/5812.6a6a115b.chunk.js:0
[    5001ms] [LOG] container width 558 @ https://metis-match--mapi.online-venv.yuanfudao.com/evaluation/stage/static/js/5812.6a6a115b.chunk.js:0
[    5037ms] [LOG] -------- load store data -------- @ https://metis-match--mapi.online-venv.yuanfudao.com/evaluation/stage/static/js/5812.6a6a115b.chunk.js:0
[    5037ms] [LOG] ====>reviewCheckRenderData [Object] @ https://metis-match--mapi.online-venv.yuanfudao.com/evaluation/stage/static/js/3440.01e555d7.chunk.js:0
[    5132ms] [LOG] container width in resize 558 @ https://metis-match--mapi.online-venv.yuanfudao.com/evaluation/stage/static/js/5812.6a6a115b.chunk.js:0
[    5132ms] [LOG] container width 558 @ https://metis-match--mapi.online-venv.yuanfudao.com/evaluation/stage/static/js/5812.6a6a115b.chunk.js:0
[    5134ms] [LOG] -------- load store data -------- @ https://metis-match--mapi.online-venv.yuanfudao.com/evaluation/stage/static/js/5812.6a6a115b.chunk.js:0
[    5134ms] [LOG] container width 558 @ https://metis-match--mapi.online-venv.yuanfudao.com/evaluation/stage/static/js/5812.6a6a115b.chunk.js:0
[    5137ms] [LOG] -------- load store data -------- @ https://metis-match--mapi.online-venv.yuanfudao.com/evaluation/stage/static/js/5812.6a6a115b.chunk.js:0
[    5138ms] [LOG] ====>reviewCheckRenderData [Object] @ https://metis-match--mapi.online-venv.yuanfudao.com/evaluation/stage/static/js/3440.01e555d7.chunk.js:0
[    5513ms] [LOG] container width 558 @ https://metis-match--mapi.online-venv.yuanfudao.com/evaluation/stage/static/js/5812.6a6a115b.chunk.js:0
[    5568ms] [LOG] -------- load store data -------- @ https://metis-match--mapi.online-venv.yuanfudao.com/evaluation/stage/static/js/5812.6a6a115b.chunk.js:0
[    5568ms] [LOG] container width in resize 558 @ https://metis-match--mapi.online-venv.yuanfudao.com/evaluation/stage/static/js/5812.6a6a115b.chunk.js:0
[    5570ms] [LOG] container width 558 @ https://metis-match--mapi.online-venv.yuanfudao.com/evaluation/stage/static/js/5812.6a6a115b.chunk.js:0
[    5575ms] [LOG] -------- load store data -------- @ https://metis-match--mapi.online-venv.yuanfudao.com/evaluation/stage/static/js/5812.6a6a115b.chunk.js:0
[    5575ms] [LOG] ====>reviewCheckRenderData [Object] @ https://metis-match--mapi.online-venv.yuanfudao.com/evaluation/stage/static/js/3440.01e555d7.chunk.js:0
[    5586ms] [LOG] container width 558 @ https://metis-match--mapi.online-venv.yuanfudao.com/evaluation/stage/static/js/5812.6a6a115b.chunk.js:0
[    5589ms] [LOG] -------- load store data -------- @ https://metis-match--mapi.online-venv.yuanfudao.com/evaluation/stage/static/js/5812.6a6a115b.chunk.js:0
[    5589ms] [LOG] container width in resize 558 @ https://metis-match--mapi.online-venv.yuanfudao.com/evaluation/stage/static/js/5812.6a6a115b.chunk.js:0
[    5590ms] [LOG] container width 558 @ https://metis-match--mapi.online-venv.yuanfudao.com/evaluation/stage/static/js/5812.6a6a115b.chunk.js:0
[    5633ms] [LOG] -------- load store data -------- @ https://metis-match--mapi.online-venv.yuanfudao.com/evaluation/stage/static/js/5812.6a6a115b.chunk.js:0
[    5633ms] [LOG] ====>reviewCheckRenderData [Object] @ https://metis-match--mapi.online-venv.yuanfudao.com/evaluation/stage/static/js/3440.01e555d7.chunk.js:0
[    5634ms] [LOG] container width in resize 558 @ https://metis-match--mapi.online-venv.yuanfudao.com/evaluation/stage/static/js/5812.6a6a115b.chunk.js:0
[    5635ms] [LOG] container width 558 @ https://metis-match--mapi.online-venv.yuanfudao.com/evaluation/stage/static/js/5812.6a6a115b.chunk.js:0
[    5670ms] [LOG] -------- load store data -------- @ https://metis-match--mapi.online-venv.yuanfudao.com/evaluation/stage/static/js/5812.6a6a115b.chunk.js:0
[    5671ms] [LOG] container width 558 @ https://metis-match--mapi.online-venv.yuanfudao.com/evaluation/stage/static/js/5812.6a6a115b.chunk.js:0
[    5676ms] [LOG] -------- load store data -------- @ https://metis-match--mapi.online-venv.yuanfudao.com/evaluation/stage/static/js/5812.6a6a115b.chunk.js:0
[    5680ms] [LOG] ====>reviewCheckRenderData [Object] @ https://metis-match--mapi.online-venv.yuanfudao.com/evaluation/stage/static/js/3440.01e555d7.chunk.js:0
[    5698ms] [LOG] container width in resize 558 @ https://metis-match--mapi.online-venv.yuanfudao.com/evaluation/stage/static/js/5812.6a6a115b.chunk.js:0
[    5700ms] [LOG] container width 558 @ https://metis-match--mapi.online-venv.yuanfudao.com/evaluation/stage/static/js/5812.6a6a115b.chunk.js:0
[    5749ms] [LOG] -------- load store data -------- @ https://metis-match--mapi.online-venv.yuanfudao.com/evaluation/stage/static/js/5812.6a6a115b.chunk.js:0
[    5750ms] [LOG] container width 558 @ https://metis-match--mapi.online-venv.yuanfudao.com/evaluation/stage/static/js/5812.6a6a115b.chunk.js:0
[    5811ms] [LOG] -------- load store data -------- @ https://metis-match--mapi.online-venv.yuanfudao.com/evaluation/stage/static/js/5812.6a6a115b.chunk.js:0
[    5812ms] [LOG] ====>reviewCheckRenderData [Object] @ https://metis-match--mapi.online-venv.yuanfudao.com/evaluation/stage/static/js/3440.01e555d7.chunk.js:0
[    5870ms] [LOG] container width 558 @ https://metis-match--mapi.online-venv.yuanfudao.com/evaluation/stage/static/js/5812.6a6a115b.chunk.js:0
[    5913ms] [LOG] -------- load store data -------- @ https://metis-match--mapi.online-venv.yuanfudao.com/evaluation/stage/static/js/5812.6a6a115b.chunk.js:0
[    5914ms] [LOG] container width in resize 558 @ https://metis-match--mapi.online-venv.yuanfudao.com/evaluation/stage/static/js/5812.6a6a115b.chunk.js:0
[    5914ms] [LOG] container width 558 @ https://metis-match--mapi.online-venv.yuanfudao.com/evaluation/stage/static/js/5812.6a6a115b.chunk.js:0
[    5973ms] [LOG] -------- load store data -------- @ https://metis-match--mapi.online-venv.yuanfudao.com/evaluation/stage/static/js/5812.6a6a115b.chunk.js:0
[    5973ms] [LOG] ====>reviewCheckRenderData [Object] @ https://metis-match--mapi.online-venv.yuanfudao.com/evaluation/stage/static/js/3440.01e555d7.chunk.js:0
[    5990ms] [LOG] container width in resize 558 @ https://metis-match--mapi.online-venv.yuanfudao.com/evaluation/stage/static/js/5812.6a6a115b.chunk.js:0
[    5991ms] [LOG] container width 558 @ https://metis-match--mapi.online-venv.yuanfudao.com/evaluation/stage/static/js/5812.6a6a115b.chunk.js:0
[    6034ms] [LOG] -------- load store data -------- @ https://metis-match--mapi.online-venv.yuanfudao.com/evaluation/stage/static/js/5812.6a6a115b.chunk.js:0
[    6034ms] [LOG] container width 558 @ https://metis-match--mapi.online-venv.yuanfudao.com/evaluation/stage/static/js/5812.6a6a115b.chunk.js:0
[    6084ms] [LOG] -------- load store data -------- @ https://metis-match--mapi.online-venv.yuanfudao.com/evaluation/stage/static/js/5812.6a6a115b.chunk.js:0
[    6086ms] [LOG] ====>reviewCheckRenderData [Object] @ https://metis-match--mapi.online-venv.yuanfudao.com/evaluation/stage/static/js/3440.01e555d7.chunk.js:0
[    6188ms] [LOG] container width in resize 558 @ https://metis-match--mapi.online-venv.yuanfudao.com/evaluation/stage/static/js/5812.6a6a115b.chunk.js:0
[    6190ms] [LOG] container width 558 @ https://metis-match--mapi.online-venv.yuanfudao.com/evaluation/stage/static/js/5812.6a6a115b.chunk.js:0
[    6222ms] [LOG] -------- load store data -------- @ https://metis-match--mapi.online-venv.yuanfudao.com/evaluation/stage/static/js/5812.6a6a115b.chunk.js:0
[    6222ms] [LOG] container width 558 @ https://metis-match--mapi.online-venv.yuanfudao.com/evaluation/stage/static/js/5812.6a6a115b.chunk.js:0
[    6276ms] [LOG] -------- load store data -------- @ https://metis-match--mapi.online-venv.yuanfudao.com/evaluation/stage/static/js/5812.6a6a115b.chunk.js:0
[    6276ms] [LOG] ====>reviewCheckRenderData [Object] @ https://metis-match--mapi.online-venv.yuanfudao.com/evaluation/stage/static/js/3440.01e555d7.chunk.js:0
[    6343ms] [LOG] container width 558 @ https://metis-match--mapi.online-venv.yuanfudao.com/evaluation/stage/static/js/5812.6a6a115b.chunk.js:0
[    6373ms] [LOG] -------- load store data -------- @ https://metis-match--mapi.online-venv.yuanfudao.com/evaluation/stage/static/js/5812.6a6a115b.chunk.js:0
[    6373ms] [LOG] container width in resize 558 @ https://metis-match--mapi.online-venv.yuanfudao.com/evaluation/stage/static/js/5812.6a6a115b.chunk.js:0
[    6374ms] [LOG] container width 558 @ https://metis-match--mapi.online-venv.yuanfudao.com/evaluation/stage/static/js/5812.6a6a115b.chunk.js:0
[    6425ms] [LOG] -------- load store data -------- @ https://metis-match--mapi.online-venv.yuanfudao.com/evaluation/stage/static/js/5812.6a6a115b.chunk.js:0
[    6427ms] [LOG] ====>reviewCheckRenderData [Object] @ https://metis-match--mapi.online-venv.yuanfudao.com/evaluation/stage/static/js/3440.01e555d7.chunk.js:0
[    6451ms] [LOG] container width 558 @ https://metis-match--mapi.online-venv.yuanfudao.com/evaluation/stage/static/js/5812.6a6a115b.chunk.js:0
[    6491ms] [LOG] -------- load store data -------- @ https://metis-match--mapi.online-venv.yuanfudao.com/evaluation/stage/static/js/5812.6a6a115b.chunk.js:0
[    6499ms] [LOG] container width 558 @ https://metis-match--mapi.online-venv.yuanfudao.com/evaluation/stage/static/js/5812.6a6a115b.chunk.js:0
[    6550ms] [LOG] -------- load store data -------- @ https://metis-match--mapi.online-venv.yuanfudao.com/evaluation/stage/static/js/5812.6a6a115b.chunk.js:0
[   11343ms] [LOG] ====>reviewCheckRenderData [Object] @ https://metis-match--mapi.online-venv.yuanfudao.com/evaluation/stage/static/js/3440.01e555d7.chunk.js:0
[   11382ms] [LOG] ====>reviewCheckRenderData [Object] @ https://metis-match--mapi.online-venv.yuanfudao.com/evaluation/stage/static/js/3440.01e555d7.chunk.js:0
[   11417ms] [LOG] ====>reviewCheckRenderData [Object] @ https://metis-match--mapi.online-venv.yuanfudao.com/evaluation/stage/static/js/3440.01e555d7.chunk.js:0
[   11453ms] [LOG] ====>reviewCheckRenderData [Object] @ https://metis-match--mapi.online-venv.yuanfudao.com/evaluation/stage/static/js/3440.01e555d7.chunk.js:0
[   11456ms] [LOG] ====>reviewCheckRenderData [Object] @ https://metis-match--mapi.online-venv.yuanfudao.com/evaluation/stage/static/js/3440.01e555d7.chunk.js:0
[   11458ms] [LOG] ====>reviewCheckRenderData [Object] @ https://metis-match--mapi.online-venv.yuanfudao.com/evaluation/stage/static/js/3440.01e555d7.chunk.js:0
[   11458ms] [LOG] ====>reviewCheckRenderData [Object] @ https://metis-match--mapi.online-venv.yuanfudao.com/evaluation/stage/static/js/3440.01e555d7.chunk.js:0
[   11461ms] [LOG] ====>reviewCheckRenderData [Object] @ https://metis-match--mapi.online-venv.yuanfudao.com/evaluation/stage/static/js/3440.01e555d7.chunk.js:0
[   11462ms] [LOG] ====>reviewCheckRenderData [Object] @ https://metis-match--mapi.online-venv.yuanfudao.com/evaluation/stage/static/js/3440.01e555d7.chunk.js:0
[   11463ms] [LOG] ====>reviewCheckRenderData [Object] @ https://metis-match--mapi.online-venv.yuanfudao.com/evaluation/stage/static/js/3440.01e555d7.chunk.js:0
[   11500ms] [LOG] ====>reviewCheckRenderData [Object] @ https://metis-match--mapi.online-venv.yuanfudao.com/evaluation/stage/static/js/3440.01e555d7.chunk.js:0
[   44761ms] [LOG] ====>reviewCheckRenderData [Object] @ https://metis-match--mapi.online-venv.yuanfudao.com/evaluation/stage/static/js/3440.01e555d7.chunk.js:0
[   44813ms] [LOG] ====>reviewCheckRenderData [Object] @ https://metis-match--mapi.online-venv.yuanfudao.com/evaluation/stage/static/js/3440.01e555d7.chunk.js:0
[   44858ms] [LOG] ====>reviewCheckRenderData [Object] @ https://metis-match--mapi.online-venv.yuanfudao.com/evaluation/stage/static/js/3440.01e555d7.chunk.js:0
[   44890ms] [LOG] ====>reviewCheckRenderData [Object] @ https://metis-match--mapi.online-venv.yuanfudao.com/evaluation/stage/static/js/3440.01e555d7.chunk.js:0
[   44896ms] [LOG] ====>reviewCheckRenderData [Object] @ https://metis-match--mapi.online-venv.yuanfudao.com/evaluation/stage/static/js/3440.01e555d7.chunk.js:0
[   44897ms] [LOG] ====>reviewCheckRenderData [Object] @ https://metis-match--mapi.online-venv.yuanfudao.com/evaluation/stage/static/js/3440.01e555d7.chunk.js:0
[   44897ms] [LOG] ====>reviewCheckRenderData [Object] @ https://metis-match--mapi.online-venv.yuanfudao.com/evaluation/stage/static/js/3440.01e555d7.chunk.js:0
[   44900ms] [LOG] ====>reviewCheckRenderData [Object] @ https://metis-match--mapi.online-venv.yuanfudao.com/evaluation/stage/static/js/3440.01e555d7.chunk.js:0
[   44901ms] [LOG] ====>reviewCheckRenderData [Object] @ https://metis-match--mapi.online-venv.yuanfudao.com/evaluation/stage/static/js/3440.01e555d7.chunk.js:0
[   44901ms] [LOG] ====>reviewCheckRenderData [Object] @ https://metis-match--mapi.online-venv.yuanfudao.com/evaluation/stage/static/js/3440.01e555d7.chunk.js:0
[   44930ms] [LOG] ====>reviewCheckRenderData [Object] @ https://metis-match--mapi.online-venv.yuanfudao.com/evaluation/stage/static/js/3440.01e555d7.chunk.js:0
[   44945ms] [LOG] hoverRegionId 66096561--1--1 @ https://metis-match--mapi.online-venv.yuanfudao.com/evaluation/stage/static/js/7223.e2fea342.chunk.js:0
[   44945ms] [LOG] hoverRegion a @ https://metis-match--mapi.online-venv.yuanfudao.com/evaluation/stage/static/js/7223.e2fea342.chunk.js:0
[   44987ms] [LOG] hoverRegionId 66096561--1--1 @ https://metis-match--mapi.online-venv.yuanfudao.com/evaluation/stage/static/js/7223.e2fea342.chunk.js:0
[   44987ms] [LOG] hoverRegion a @ https://metis-match--mapi.online-venv.yuanfudao.com/evaluation/stage/static/js/7223.e2fea342.chunk.js:0
[   44987ms] [LOG] hoverRegionId 66096561--1--1 @ https://metis-match--mapi.online-venv.yuanfudao.com/evaluation/stage/static/js/7223.e2fea342.chunk.js:0
[   44987ms] [LOG] hoverRegion a @ https://metis-match--mapi.online-venv.yuanfudao.com/evaluation/stage/static/js/7223.e2fea342.chunk.js:0
[   44988ms] [LOG] hoverRegionId 66096561--1--1 @ https://metis-match--mapi.online-venv.yuanfudao.com/evaluation/stage/static/js/7223.e2fea342.chunk.js:0
[   44988ms] [LOG] hoverRegion a @ https://metis-match--mapi.online-venv.yuanfudao.com/evaluation/stage/static/js/7223.e2fea342.chunk.js:0
[   44988ms] [LOG] hoverRegionId 66096561--1--1 @ https://metis-match--mapi.online-venv.yuanfudao.com/evaluation/stage/static/js/7223.e2fea342.chunk.js:0
[   44988ms] [LOG] hoverRegion a @ https://metis-match--mapi.online-venv.yuanfudao.com/evaluation/stage/static/js/7223.e2fea342.chunk.js:0
[   44988ms] [LOG] hoverRegionId 66096561--1--1 @ https://metis-match--mapi.online-venv.yuanfudao.com/evaluation/stage/static/js/7223.e2fea342.chunk.js:0
[   44988ms] [LOG] hoverRegion a @ https://metis-match--mapi.online-venv.yuanfudao.com/evaluation/stage/static/js/7223.e2fea342.chunk.js:0
[   44988ms] [LOG] hoverRegionId 66096561--1--1 @ https://metis-match--mapi.online-venv.yuanfudao.com/evaluation/stage/static/js/7223.e2fea342.chunk.js:0
[   44988ms] [LOG] hoverRegion a @ https://metis-match--mapi.online-venv.yuanfudao.com/evaluation/stage/static/js/7223.e2fea342.chunk.js:0
[   44988ms] [LOG] hoverRegionId 66096561--1--1 @ https://metis-match--mapi.online-venv.yuanfudao.com/evaluation/stage/static/js/7223.e2fea342.chunk.js:0
[   44988ms] [LOG] hoverRegion a @ https://metis-match--mapi.online-venv.yuanfudao.com/evaluation/stage/static/js/7223.e2fea342.chunk.js:0
[   44989ms] [LOG] hoverRegionId 66096561--1--1 @ https://metis-match--mapi.online-venv.yuanfudao.com/evaluation/stage/static/js/7223.e2fea342.chunk.js:0
[   44989ms] [LOG] hoverRegion a @ https://metis-match--mapi.online-venv.yuanfudao.com/evaluation/stage/static/js/7223.e2fea342.chunk.js:0
[   44989ms] [LOG] hoverRegionId 66096561--1--1 @ https://metis-match--mapi.online-venv.yuanfudao.com/evaluation/stage/static/js/7223.e2fea342.chunk.js:0
[   44989ms] [LOG] hoverRegion a @ https://metis-match--mapi.online-venv.yuanfudao.com/evaluation/stage/static/js/7223.e2fea342.chunk.js:0
[   44989ms] [LOG] hoverRegionId 66096561--1--1 @ https://metis-match--mapi.online-venv.yuanfudao.com/evaluation/stage/static/js/7223.e2fea342.chunk.js:0
[   44989ms] [LOG] hoverRegion a @ https://metis-match--mapi.online-venv.yuanfudao.com/evaluation/stage/static/js/7223.e2fea342.chunk.js:0
[   46682ms] [LOG] ====>reviewCheckRenderData [Object] @ https://metis-match--mapi.online-venv.yuanfudao.com/evaluation/stage/static/js/3440.01e555d7.chunk.js:0
[   46724ms] [LOG] ====>reviewCheckRenderData [Object] @ https://metis-match--mapi.online-venv.yuanfudao.com/evaluation/stage/static/js/3440.01e555d7.chunk.js:0
[   46758ms] [LOG] ====>reviewCheckRenderData [Object] @ https://metis-match--mapi.online-venv.yuanfudao.com/evaluation/stage/static/js/3440.01e555d7.chunk.js:0
[   46791ms] [LOG] ====>reviewCheckRenderData [Object] @ https://metis-match--mapi.online-venv.yuanfudao.com/evaluation/stage/static/js/3440.01e555d7.chunk.js:0
[   46794ms] [LOG] ====>reviewCheckRenderData [Object] @ https://metis-match--mapi.online-venv.yuanfudao.com/evaluation/stage/static/js/3440.01e555d7.chunk.js:0
[   46795ms] [LOG] ====>reviewCheckRenderData [Object] @ https://metis-match--mapi.online-venv.yuanfudao.com/evaluation/stage/static/js/3440.01e555d7.chunk.js:0
[   46796ms] [LOG] ====>reviewCheckRenderData [Object] @ https://metis-match--mapi.online-venv.yuanfudao.com/evaluation/stage/static/js/3440.01e555d7.chunk.js:0
[   46798ms] [LOG] ====>reviewCheckRenderData [Object] @ https://metis-match--mapi.online-venv.yuanfudao.com/evaluation/stage/static/js/3440.01e555d7.chunk.js:0
[   46799ms] [LOG] ====>reviewCheckRenderData [Object] @ https://metis-match--mapi.online-venv.yuanfudao.com/evaluation/stage/static/js/3440.01e555d7.chunk.js:0
[   46799ms] [LOG] ====>reviewCheckRenderData [Object] @ https://metis-match--mapi.online-venv.yuanfudao.com/evaluation/stage/static/js/3440.01e555d7.chunk.js:0
[   46827ms] [LOG] ====>reviewCheckRenderData [Object] @ https://metis-match--mapi.online-venv.yuanfudao.com/evaluation/stage/static/js/3440.01e555d7.chunk.js:0
[   88730ms] [LOG] ====>reviewCheckRenderData [Object] @ https://metis-match--mapi.online-venv.yuanfudao.com/evaluation/stage/static/js/3440.01e555d7.chunk.js:0
[   88774ms] [LOG] ====>reviewCheckRenderData [Object] @ https://metis-match--mapi.online-venv.yuanfudao.com/evaluation/stage/static/js/3440.01e555d7.chunk.js:0
[   88805ms] [LOG] ====>reviewCheckRenderData [Object] @ https://metis-match--mapi.online-venv.yuanfudao.com/evaluation/stage/static/js/3440.01e555d7.chunk.js:0
[   88842ms] [LOG] ====>reviewCheckRenderData [Object] @ https://metis-match--mapi.online-venv.yuanfudao.com/evaluation/stage/static/js/3440.01e555d7.chunk.js:0
[   88845ms] [LOG] ====>reviewCheckRenderData [Object] @ https://metis-match--mapi.online-venv.yuanfudao.com/evaluation/stage/static/js/3440.01e555d7.chunk.js:0
[   88846ms] [LOG] ====>reviewCheckRenderData [Object] @ https://metis-match--mapi.online-venv.yuanfudao.com/evaluation/stage/static/js/3440.01e555d7.chunk.js:0
[   88846ms] [LOG] ====>reviewCheckRenderData [Object] @ https://metis-match--mapi.online-venv.yuanfudao.com/evaluation/stage/static/js/3440.01e555d7.chunk.js:0
[   88849ms] [LOG] ====>reviewCheckRenderData [Object] @ https://metis-match--mapi.online-venv.yuanfudao.com/evaluation/stage/static/js/3440.01e555d7.chunk.js:0
[   88850ms] [LOG] ====>reviewCheckRenderData [Object] @ https://metis-match--mapi.online-venv.yuanfudao.com/evaluation/stage/static/js/3440.01e555d7.chunk.js:0
[   88850ms] [LOG] ====>reviewCheckRenderData [Object] @ https://metis-match--mapi.online-venv.yuanfudao.com/evaluation/stage/static/js/3440.01e555d7.chunk.js:0
[   88885ms] [LOG] ====>reviewCheckRenderData [Object] @ https://metis-match--mapi.online-venv.yuanfudao.com/evaluation/stage/static/js/3440.01e555d7.chunk.js:0
[   88897ms] [LOG] hoverRegionId 66081615--1--1 @ https://metis-match--mapi.online-venv.yuanfudao.com/evaluation/stage/static/js/7223.e2fea342.chunk.js:0
[   88897ms] [LOG] hoverRegion a @ https://metis-match--mapi.online-venv.yuanfudao.com/evaluation/stage/static/js/7223.e2fea342.chunk.js:0
[   88902ms] [LOG] hoverRegionId 66081615--1--1 @ https://metis-match--mapi.online-venv.yuanfudao.com/evaluation/stage/static/js/7223.e2fea342.chunk.js:0
[   88902ms] [LOG] hoverRegion a @ https://metis-match--mapi.online-venv.yuanfudao.com/evaluation/stage/static/js/7223.e2fea342.chunk.js:0
[   88903ms] [LOG] hoverRegionId 66081615--1--1 @ https://metis-match--mapi.online-venv.yuanfudao.com/evaluation/stage/static/js/7223.e2fea342.chunk.js:0
[   88903ms] [LOG] hoverRegion a @ https://metis-match--mapi.online-venv.yuanfudao.com/evaluation/stage/static/js/7223.e2fea342.chunk.js:0
[   88903ms] [LOG] hoverRegionId 66081615--1--1 @ https://metis-match--mapi.online-venv.yuanfudao.com/evaluation/stage/static/js/7223.e2fea342.chunk.js:0
[   88903ms] [LOG] hoverRegion a @ https://metis-match--mapi.online-venv.yuanfudao.com/evaluation/stage/static/js/7223.e2fea342.chunk.js:0
[   88903ms] [LOG] hoverRegionId 66081615--1--1 @ https://metis-match--mapi.online-venv.yuanfudao.com/evaluation/stage/static/js/7223.e2fea342.chunk.js:0
[   88903ms] [LOG] hoverRegion a @ https://metis-match--mapi.online-venv.yuanfudao.com/evaluation/stage/static/js/7223.e2fea342.chunk.js:0
[   88903ms] [LOG] hoverRegionId 66081615--1--1 @ https://metis-match--mapi.online-venv.yuanfudao.com/evaluation/stage/static/js/7223.e2fea342.chunk.js:0
[   88903ms] [LOG] hoverRegion a @ https://metis-match--mapi.online-venv.yuanfudao.com/evaluation/stage/static/js/7223.e2fea342.chunk.js:0
[   88903ms] [LOG] hoverRegionId 66081615--1--1 @ https://metis-match--mapi.online-venv.yuanfudao.com/evaluation/stage/static/js/7223.e2fea342.chunk.js:0
[   88903ms] [LOG] hoverRegion a @ https://metis-match--mapi.online-venv.yuanfudao.com/evaluation/stage/static/js/7223.e2fea342.chunk.js:0
[   88904ms] [LOG] hoverRegionId 66081615--1--1 @ https://metis-match--mapi.online-venv.yuanfudao.com/evaluation/stage/static/js/7223.e2fea342.chunk.js:0
[   88904ms] [LOG] hoverRegion a @ https://metis-match--mapi.online-venv.yuanfudao.com/evaluation/stage/static/js/7223.e2fea342.chunk.js:0
[   88904ms] [LOG] hoverRegionId 66081615--1--1 @ https://metis-match--mapi.online-venv.yuanfudao.com/evaluation/stage/static/js/7223.e2fea342.chunk.js:0
[   88904ms] [LOG] hoverRegion a @ https://metis-match--mapi.online-venv.yuanfudao.com/evaluation/stage/static/js/7223.e2fea342.chunk.js:0
[   88904ms] [LOG] hoverRegionId 66081615--1--1 @ https://metis-match--mapi.online-venv.yuanfudao.com/evaluation/stage/static/js/7223.e2fea342.chunk.js:0
[   88904ms] [LOG] hoverRegion a @ https://metis-match--mapi.online-venv.yuanfudao.com/evaluation/stage/static/js/7223.e2fea342.chunk.js:0
[   88904ms] [LOG] hoverRegionId 66081615--1--1 @ https://metis-match--mapi.online-venv.yuanfudao.com/evaluation/stage/static/js/7223.e2fea342.chunk.js:0
[   88904ms] [LOG] hoverRegion a @ https://metis-match--mapi.online-venv.yuanfudao.com/evaluation/stage/static/js/7223.e2fea342.chunk.js:0
[   96747ms] [LOG] ====>reviewCheckRenderData [Object] @ https://metis-match--mapi.online-venv.yuanfudao.com/evaluation/stage/static/js/3440.01e555d7.chunk.js:0
[   96786ms] [LOG] ====>reviewCheckRenderData [Object] @ https://metis-match--mapi.online-venv.yuanfudao.com/evaluation/stage/static/js/3440.01e555d7.chunk.js:0
[   96819ms] [LOG] ====>reviewCheckRenderData [Object] @ https://metis-match--mapi.online-venv.yuanfudao.com/evaluation/stage/static/js/3440.01e555d7.chunk.js:0
[   96848ms] [LOG] ====>reviewCheckRenderData [Object] @ https://metis-match--mapi.online-venv.yuanfudao.com/evaluation/stage/static/js/3440.01e555d7.chunk.js:0
[   96852ms] [LOG] ====>reviewCheckRenderData [Object] @ https://metis-match--mapi.online-venv.yuanfudao.com/evaluation/stage/static/js/3440.01e555d7.chunk.js:0
[   96853ms] [LOG] ====>reviewCheckRenderData [Object] @ https://metis-match--mapi.online-venv.yuanfudao.com/evaluation/stage/static/js/3440.01e555d7.chunk.js:0
[   96854ms] [LOG] ====>reviewCheckRenderData [Object] @ https://metis-match--mapi.online-venv.yuanfudao.com/evaluation/stage/static/js/3440.01e555d7.chunk.js:0
[   96856ms] [LOG] ====>reviewCheckRenderData [Object] @ https://metis-match--mapi.online-venv.yuanfudao.com/evaluation/stage/static/js/3440.01e555d7.chunk.js:0
[   96858ms] [LOG] ====>reviewCheckRenderData [Object] @ https://metis-match--mapi.online-venv.yuanfudao.com/evaluation/stage/static/js/3440.01e555d7.chunk.js:0
[   96858ms] [LOG] ====>reviewCheckRenderData [Object] @ https://metis-match--mapi.online-venv.yuanfudao.com/evaluation/stage/static/js/3440.01e555d7.chunk.js:0
[   96896ms] [LOG] ====>reviewCheckRenderData [Object] @ https://metis-match--mapi.online-venv.yuanfudao.com/evaluation/stage/static/js/3440.01e555d7.chunk.js:0
[  114519ms] [LOG] ====>reviewCheckRenderData [Object] @ https://metis-match--mapi.online-venv.yuanfudao.com/evaluation/stage/static/js/3440.01e555d7.chunk.js:0
[  114560ms] [LOG] ====>reviewCheckRenderData [Object] @ https://metis-match--mapi.online-venv.yuanfudao.com/evaluation/stage/static/js/3440.01e555d7.chunk.js:0
[  114592ms] [LOG] ====>reviewCheckRenderData [Object] @ https://metis-match--mapi.online-venv.yuanfudao.com/evaluation/stage/static/js/3440.01e555d7.chunk.js:0
[  114620ms] [LOG] ====>reviewCheckRenderData [Object] @ https://metis-match--mapi.online-venv.yuanfudao.com/evaluation/stage/static/js/3440.01e555d7.chunk.js:0
[  114623ms] [LOG] ====>reviewCheckRenderData [Object] @ https://metis-match--mapi.online-venv.yuanfudao.com/evaluation/stage/static/js/3440.01e555d7.chunk.js:0
[  114625ms] [LOG] ====>reviewCheckRenderData [Object] @ https://metis-match--mapi.online-venv.yuanfudao.com/evaluation/stage/static/js/3440.01e555d7.chunk.js:0
[  114625ms] [LOG] ====>reviewCheckRenderData [Object] @ https://metis-match--mapi.online-venv.yuanfudao.com/evaluation/stage/static/js/3440.01e555d7.chunk.js:0
[  114627ms] [LOG] ====>reviewCheckRenderData [Object] @ https://metis-match--mapi.online-venv.yuanfudao.com/evaluation/stage/static/js/3440.01e555d7.chunk.js:0
[  114628ms] [LOG] ====>reviewCheckRenderData [Object] @ https://metis-match--mapi.online-venv.yuanfudao.com/evaluation/stage/static/js/3440.01e555d7.chunk.js:0
[  114629ms] [LOG] ====>reviewCheckRenderData [Object] @ https://metis-match--mapi.online-venv.yuanfudao.com/evaluation/stage/static/js/3440.01e555d7.chunk.js:0
[  114666ms] [LOG] ====>reviewCheckRenderData [Object] @ https://metis-match--mapi.online-venv.yuanfudao.com/evaluation/stage/static/js/3440.01e555d7.chunk.js:0
[  114679ms] [LOG] hoverRegionId 66096561--1--1 @ https://metis-match--mapi.online-venv.yuanfudao.com/evaluation/stage/static/js/7223.e2fea342.chunk.js:0
[  114679ms] [LOG] hoverRegion a @ https://metis-match--mapi.online-venv.yuanfudao.com/evaluation/stage/static/js/7223.e2fea342.chunk.js:0
[  114679ms] [LOG] hoverRegionId 66096561--1--1 @ https://metis-match--mapi.online-venv.yuanfudao.com/evaluation/stage/static/js/7223.e2fea342.chunk.js:0
[  114679ms] [LOG] hoverRegion a @ https://metis-match--mapi.online-venv.yuanfudao.com/evaluation/stage/static/js/7223.e2fea342.chunk.js:0
[  114679ms] [LOG] hoverRegionId 66096561--1--1 @ https://metis-match--mapi.online-venv.yuanfudao.com/evaluation/stage/static/js/7223.e2fea342.chunk.js:0
[  114679ms] [LOG] hoverRegion a @ https://metis-match--mapi.online-venv.yuanfudao.com/evaluation/stage/static/js/7223.e2fea342.chunk.js:0
[  114680ms] [LOG] hoverRegionId 66096561--1--1 @ https://metis-match--mapi.online-venv.yuanfudao.com/evaluation/stage/static/js/7223.e2fea342.chunk.js:0
[  114680ms] [LOG] hoverRegion a @ https://metis-match--mapi.online-venv.yuanfudao.com/evaluation/stage/static/js/7223.e2fea342.chunk.js:0
[  114680ms] [LOG] hoverRegionId 66096561--1--1 @ https://metis-match--mapi.online-venv.yuanfudao.com/evaluation/stage/static/js/7223.e2fea342.chunk.js:0
[  114680ms] [LOG] hoverRegion a @ https://metis-match--mapi.online-venv.yuanfudao.com/evaluation/stage/static/js/7223.e2fea342.chunk.js:0
[  114680ms] [LOG] hoverRegionId 66096561--1--1 @ https://metis-match--mapi.online-venv.yuanfudao.com/evaluation/stage/static/js/7223.e2fea342.chunk.js:0
[  114680ms] [LOG] hoverRegion a @ https://metis-match--mapi.online-venv.yuanfudao.com/evaluation/stage/static/js/7223.e2fea342.chunk.js:0
[  114680ms] [LOG] hoverRegionId 66096561--1--1 @ https://metis-match--mapi.online-venv.yuanfudao.com/evaluation/stage/static/js/7223.e2fea342.chunk.js:0
[  114680ms] [LOG] hoverRegion a @ https://metis-match--mapi.online-venv.yuanfudao.com/evaluation/stage/static/js/7223.e2fea342.chunk.js:0
[  114680ms] [LOG] hoverRegionId 66096561--1--1 @ https://metis-match--mapi.online-venv.yuanfudao.com/evaluation/stage/static/js/7223.e2fea342.chunk.js:0
[  114680ms] [LOG] hoverRegion a @ https://metis-match--mapi.online-venv.yuanfudao.com/evaluation/stage/static/js/7223.e2fea342.chunk.js:0
[  114680ms] [LOG] hoverRegionId 66096561--1--1 @ https://metis-match--mapi.online-venv.yuanfudao.com/evaluation/stage/static/js/7223.e2fea342.chunk.js:0
[  114680ms] [LOG] hoverRegion a @ https://metis-match--mapi.online-venv.yuanfudao.com/evaluation/stage/static/js/7223.e2fea342.chunk.js:0
[  114680ms] [LOG] hoverRegionId 66096561--1--1 @ https://metis-match--mapi.online-venv.yuanfudao.com/evaluation/stage/static/js/7223.e2fea342.chunk.js:0
[  114680ms] [LOG] hoverRegion a @ https://metis-match--mapi.online-venv.yuanfudao.com/evaluation/stage/static/js/7223.e2fea342.chunk.js:0
[  114681ms] [LOG] hoverRegionId 66096561--1--1 @ https://metis-match--mapi.online-venv.yuanfudao.com/evaluation/stage/static/js/7223.e2fea342.chunk.js:0
[  114681ms] [LOG] hoverRegion a @ https://metis-match--mapi.online-venv.yuanfudao.com/evaluation/stage/static/js/7223.e2fea342.chunk.js:0
[  114811ms] [LOG] ====>reviewCheckRenderData [Object] @ https://metis-match--mapi.online-venv.yuanfudao.com/evaluation/stage/static/js/3440.01e555d7.chunk.js:0
[  114853ms] [LOG] ====>reviewCheckRenderData [Object] @ https://metis-match--mapi.online-venv.yuanfudao.com/evaluation/stage/static/js/3440.01e555d7.chunk.js:0
[  114888ms] [LOG] ====>reviewCheckRenderData [Object] @ https://metis-match--mapi.online-venv.yuanfudao.com/evaluation/stage/static/js/3440.01e555d7.chunk.js:0
[  114916ms] [LOG] ====>reviewCheckRenderData [Object] @ https://metis-match--mapi.online-venv.yuanfudao.com/evaluation/stage/static/js/3440.01e555d7.chunk.js:0
[  114919ms] [LOG] ====>reviewCheckRenderData [Object] @ https://metis-match--mapi.online-venv.yuanfudao.com/evaluation/stage/static/js/3440.01e555d7.chunk.js:0
[  114920ms] [LOG] ====>reviewCheckRenderData [Object] @ https://metis-match--mapi.online-venv.yuanfudao.com/evaluation/stage/static/js/3440.01e555d7.chunk.js:0
[  114920ms] [LOG] ====>reviewCheckRenderData [Object] @ https://metis-match--mapi.online-venv.yuanfudao.com/evaluation/stage/static/js/3440.01e555d7.chunk.js:0
[  114922ms] [LOG] ====>reviewCheckRenderData [Object] @ https://metis-match--mapi.online-venv.yuanfudao.com/evaluation/stage/static/js/3440.01e555d7.chunk.js:0
[  114924ms] [LOG] ====>reviewCheckRenderData [Object] @ https://metis-match--mapi.online-venv.yuanfudao.com/evaluation/stage/static/js/3440.01e555d7.chunk.js:0
[  114924ms] [LOG] ====>reviewCheckRenderData [Object] @ https://metis-match--mapi.online-venv.yuanfudao.com/evaluation/stage/static/js/3440.01e555d7.chunk.js:0
[  114956ms] [LOG] ====>reviewCheckRenderData [Object] @ https://metis-match--mapi.online-venv.yuanfudao.com/evaluation/stage/static/js/3440.01e555d7.chunk.js:0
[  117013ms] [LOG] ====>reviewCheckRenderData [Object] @ https://metis-match--mapi.online-venv.yuanfudao.com/evaluation/stage/static/js/3440.01e555d7.chunk.js:0
[  117057ms] [LOG] ====>reviewCheckRenderData [Object] @ https://metis-match--mapi.online-venv.yuanfudao.com/evaluation/stage/static/js/3440.01e555d7.chunk.js:0
[  117085ms] [LOG] ====>reviewCheckRenderData [Object] @ https://metis-match--mapi.online-venv.yuanfudao.com/evaluation/stage/static/js/3440.01e555d7.chunk.js:0
[  117119ms] [LOG] ====>reviewCheckRenderData [Object] @ https://metis-match--mapi.online-venv.yuanfudao.com/evaluation/stage/static/js/3440.01e555d7.chunk.js:0
[  117123ms] [LOG] ====>reviewCheckRenderData [Object] @ https://metis-match--mapi.online-venv.yuanfudao.com/evaluation/stage/static/js/3440.01e555d7.chunk.js:0
[  117124ms] [LOG] ====>reviewCheckRenderData [Object] @ https://metis-match--mapi.online-venv.yuanfudao.com/evaluation/stage/static/js/3440.01e555d7.chunk.js:0
[  117124ms] [LOG] ====>reviewCheckRenderData [Object] @ https://metis-match--mapi.online-venv.yuanfudao.com/evaluation/stage/static/js/3440.01e555d7.chunk.js:0
[  117126ms] [LOG] ====>reviewCheckRenderData [Object] @ https://metis-match--mapi.online-venv.yuanfudao.com/evaluation/stage/static/js/3440.01e555d7.chunk.js:0
[  117128ms] [LOG] ====>reviewCheckRenderData [Object] @ https://metis-match--mapi.online-venv.yuanfudao.com/evaluation/stage/static/js/3440.01e555d7.chunk.js:0
[  117128ms] [LOG] ====>reviewCheckRenderData [Object] @ https://metis-match--mapi.online-venv.yuanfudao.com/evaluation/stage/static/js/3440.01e555d7.chunk.js:0
[  117163ms] [LOG] ====>reviewCheckRenderData [Object] @ https://metis-match--mapi.online-venv.yuanfudao.com/evaluation/stage/static/js/3440.01e555d7.chunk.js:0
[  117177ms] [LOG] hoverRegionId 66081615--1--1 @ https://metis-match--mapi.online-venv.yuanfudao.com/evaluation/stage/static/js/7223.e2fea342.chunk.js:0
[  117177ms] [LOG] hoverRegion a @ https://metis-match--mapi.online-venv.yuanfudao.com/evaluation/stage/static/js/7223.e2fea342.chunk.js:0
[  117177ms] [LOG] hoverRegionId 66081615--1--1 @ https://metis-match--mapi.online-venv.yuanfudao.com/evaluation/stage/static/js/7223.e2fea342.chunk.js:0
[  117177ms] [LOG] hoverRegion a @ https://metis-match--mapi.online-venv.yuanfudao.com/evaluation/stage/static/js/7223.e2fea342.chunk.js:0
[  117178ms] [LOG] hoverRegionId 66081615--1--1 @ https://metis-match--mapi.online-venv.yuanfudao.com/evaluation/stage/static/js/7223.e2fea342.chunk.js:0
[  117178ms] [LOG] hoverRegion a @ https://metis-match--mapi.online-venv.yuanfudao.com/evaluation/stage/static/js/7223.e2fea342.chunk.js:0
[  117178ms] [LOG] hoverRegionId 66081615--1--1 @ https://metis-match--mapi.online-venv.yuanfudao.com/evaluation/stage/static/js/7223.e2fea342.chunk.js:0
[  117178ms] [LOG] hoverRegion a @ https://metis-match--mapi.online-venv.yuanfudao.com/evaluation/stage/static/js/7223.e2fea342.chunk.js:0
[  117178ms] [LOG] hoverRegionId 66081615--1--1 @ https://metis-match--mapi.online-venv.yuanfudao.com/evaluation/stage/static/js/7223.e2fea342.chunk.js:0
[  117178ms] [LOG] hoverRegion a @ https://metis-match--mapi.online-venv.yuanfudao.com/evaluation/stage/static/js/7223.e2fea342.chunk.js:0
[  117178ms] [LOG] hoverRegionId 66081615--1--1 @ https://metis-match--mapi.online-venv.yuanfudao.com/evaluation/stage/static/js/7223.e2fea342.chunk.js:0
[  117178ms] [LOG] hoverRegion a @ https://metis-match--mapi.online-venv.yuanfudao.com/evaluation/stage/static/js/7223.e2fea342.chunk.js:0
[  117178ms] [LOG] hoverRegionId 66081615--1--1 @ https://metis-match--mapi.online-venv.yuanfudao.com/evaluation/stage/static/js/7223.e2fea342.chunk.js:0
[  117178ms] [LOG] hoverRegion a @ https://metis-match--mapi.online-venv.yuanfudao.com/evaluation/stage/static/js/7223.e2fea342.chunk.js:0
[  117178ms] [LOG] hoverRegionId 66081615--1--1 @ https://metis-match--mapi.online-venv.yuanfudao.com/evaluation/stage/static/js/7223.e2fea342.chunk.js:0
[  117178ms] [LOG] hoverRegion a @ https://metis-match--mapi.online-venv.yuanfudao.com/evaluation/stage/static/js/7223.e2fea342.chunk.js:0
[  117179ms] [LOG] hoverRegionId 66081615--1--1 @ https://metis-match--mapi.online-venv.yuanfudao.com/evaluation/stage/static/js/7223.e2fea342.chunk.js:0
[  117179ms] [LOG] hoverRegion a @ https://metis-match--mapi.online-venv.yuanfudao.com/evaluation/stage/static/js/7223.e2fea342.chunk.js:0
[  117179ms] [LOG] hoverRegionId 66081615--1--1 @ https://metis-match--mapi.online-venv.yuanfudao.com/evaluation/stage/static/js/7223.e2fea342.chunk.js:0
[  117179ms] [LOG] hoverRegion a @ https://metis-match--mapi.online-venv.yuanfudao.com/evaluation/stage/static/js/7223.e2fea342.chunk.js:0
[  117179ms] [LOG] hoverRegionId 66081615--1--1 @ https://metis-match--mapi.online-venv.yuanfudao.com/evaluation/stage/static/js/7223.e2fea342.chunk.js:0
[  117179ms] [LOG] hoverRegion a @ https://metis-match--mapi.online-venv.yuanfudao.com/evaluation/stage/static/js/7223.e2fea342.chunk.js:0
[  119281ms] [LOG] ====>reviewCheckRenderData [Object] @ https://metis-match--mapi.online-venv.yuanfudao.com/evaluation/stage/static/js/3440.01e555d7.chunk.js:0
[  119325ms] [LOG] ====>reviewCheckRenderData [Object] @ https://metis-match--mapi.online-venv.yuanfudao.com/evaluation/stage/static/js/3440.01e555d7.chunk.js:0
[  119352ms] [LOG] ====>reviewCheckRenderData [Object] @ https://metis-match--mapi.online-venv.yuanfudao.com/evaluation/stage/static/js/3440.01e555d7.chunk.js:0
[  119385ms] [LOG] ====>reviewCheckRenderData [Object] @ https://metis-match--mapi.online-venv.yuanfudao.com/evaluation/stage/static/js/3440.01e555d7.chunk.js:0
[  119388ms] [LOG] ====>reviewCheckRenderData [Object] @ https://metis-match--mapi.online-venv.yuanfudao.com/evaluation/stage/static/js/3440.01e555d7.chunk.js:0
[  119389ms] [LOG] ====>reviewCheckRenderData [Object] @ https://metis-match--mapi.online-venv.yuanfudao.com/evaluation/stage/static/js/3440.01e555d7.chunk.js:0
[  119390ms] [LOG] ====>reviewCheckRenderData [Object] @ https://metis-match--mapi.online-venv.yuanfudao.com/evaluation/stage/static/js/3440.01e555d7.chunk.js:0
[  119392ms] [LOG] ====>reviewCheckRenderData [Object] @ https://metis-match--mapi.online-venv.yuanfudao.com/evaluation/stage/static/js/3440.01e555d7.chunk.js:0
[  119393ms] [LOG] ====>reviewCheckRenderData [Object] @ https://metis-match--mapi.online-venv.yuanfudao.com/evaluation/stage/static/js/3440.01e555d7.chunk.js:0
[  119393ms] [LOG] ====>reviewCheckRenderData [Object] @ https://metis-match--mapi.online-venv.yuanfudao.com/evaluation/stage/static/js/3440.01e555d7.chunk.js:0
[  119429ms] [LOG] ====>reviewCheckRenderData [Object] @ https://metis-match--mapi.online-venv.yuanfudao.com/evaluation/stage/static/js/3440.01e555d7.chunk.js:0
[  119440ms] [LOG] hoverRegionId 66096561--1--1 @ https://metis-match--mapi.online-venv.yuanfudao.com/evaluation/stage/static/js/7223.e2fea342.chunk.js:0
[  119440ms] [LOG] hoverRegion a @ https://metis-match--mapi.online-venv.yuanfudao.com/evaluation/stage/static/js/7223.e2fea342.chunk.js:0
[  119440ms] [LOG] hoverRegionId 66096561--1--1 @ https://metis-match--mapi.online-venv.yuanfudao.com/evaluation/stage/static/js/7223.e2fea342.chunk.js:0
[  119440ms] [LOG] hoverRegion a @ https://metis-match--mapi.online-venv.yuanfudao.com/evaluation/stage/static/js/7223.e2fea342.chunk.js:0
[  119440ms] [LOG] hoverRegionId 66096561--1--1 @ https://metis-match--mapi.online-venv.yuanfudao.com/evaluation/stage/static/js/7223.e2fea342.chunk.js:0
[  119440ms] [LOG] hoverRegion a @ https://metis-match--mapi.online-venv.yuanfudao.com/evaluation/stage/static/js/7223.e2fea342.chunk.js:0
[  119441ms] [LOG] hoverRegionId 66096561--1--1 @ https://metis-match--mapi.online-venv.yuanfudao.com/evaluation/stage/static/js/7223.e2fea342.chunk.js:0
[  119441ms] [LOG] hoverRegion a @ https://metis-match--mapi.online-venv.yuanfudao.com/evaluation/stage/static/js/7223.e2fea342.chunk.js:0
[  119441ms] [LOG] hoverRegionId 66096561--1--1 @ https://metis-match--mapi.online-venv.yuanfudao.com/evaluation/stage/static/js/7223.e2fea342.chunk.js:0
[  119441ms] [LOG] hoverRegion a @ https://metis-match--mapi.online-venv.yuanfudao.com/evaluation/stage/static/js/7223.e2fea342.chunk.js:0
[  119441ms] [LOG] hoverRegionId 66096561--1--1 @ https://metis-match--mapi.online-venv.yuanfudao.com/evaluation/stage/static/js/7223.e2fea342.chunk.js:0
[  119441ms] [LOG] hoverRegion a @ https://metis-match--mapi.online-venv.yuanfudao.com/evaluation/stage/static/js/7223.e2fea342.chunk.js:0
[  119441ms] [LOG] hoverRegionId 66096561--1--1 @ https://metis-match--mapi.online-venv.yuanfudao.com/evaluation/stage/static/js/7223.e2fea342.chunk.js:0
[  119441ms] [LOG] hoverRegion a @ https://metis-match--mapi.online-venv.yuanfudao.com/evaluation/stage/static/js/7223.e2fea342.chunk.js:0
[  119441ms] [LOG] hoverRegionId 66096561--1--1 @ https://metis-match--mapi.online-venv.yuanfudao.com/evaluation/stage/static/js/7223.e2fea342.chunk.js:0
[  119441ms] [LOG] hoverRegion a @ https://metis-match--mapi.online-venv.yuanfudao.com/evaluation/stage/static/js/7223.e2fea342.chunk.js:0
[  119441ms] [LOG] hoverRegionId 66096561--1--1 @ https://metis-match--mapi.online-venv.yuanfudao.com/evaluation/stage/static/js/7223.e2fea342.chunk.js:0
[  119441ms] [LOG] hoverRegion a @ https://metis-match--mapi.online-venv.yuanfudao.com/evaluation/stage/static/js/7223.e2fea342.chunk.js:0
[  119441ms] [LOG] hoverRegionId 66096561--1--1 @ https://metis-match--mapi.online-venv.yuanfudao.com/evaluation/stage/static/js/7223.e2fea342.chunk.js:0
[  119441ms] [LOG] hoverRegion a @ https://metis-match--mapi.online-venv.yuanfudao.com/evaluation/stage/static/js/7223.e2fea342.chunk.js:0
[  119442ms] [LOG] hoverRegionId 66096561--1--1 @ https://metis-match--mapi.online-venv.yuanfudao.com/evaluation/stage/static/js/7223.e2fea342.chunk.js:0
[  119442ms] [LOG] hoverRegion a @ https://metis-match--mapi.online-venv.yuanfudao.com/evaluation/stage/static/js/7223.e2fea342.chunk.js:0
